host_comm_tx_fsm.c:49:13:clear_events	16	static
host_comm_tx_fsm.c:57:13:host_comm_tx_fsm_set_next_state	16	static
host_comm_tx_fsm.c:63:6:host_comm_tx_fsm_init	16	static
host_comm_tx_fsm.c:78:13:enter_seq_poll_pending_transfers	16	static
host_comm_tx_fsm.c:86:13:during_action_poll_pending_transfers	16	static
host_comm_tx_fsm.c:96:13:exit_action_poll_pending_transfers	16	static
host_comm_tx_fsm.c:103:13:poll_pending_transfers_on_react	24	static
host_comm_tx_fsm.c:129:13:enter_seq_transmit_packet	16	static
host_comm_tx_fsm.c:136:13:entry_action_transmit_packet	16	static
host_comm_tx_fsm.c:151:13:exit_action_transmit_packet	16	static
host_comm_tx_fsm.c:157:13:transmit_packet_on_react	24	static
host_comm_tx_fsm.c:205:6:crc32_accumulate	32	static
host_comm_tx_fsm.c:222:16:tx_send_packet	24	static
host_comm_tx_fsm.c:264:9:host_comm_tx_fsm_write_dbg_msg	288	static
host_comm_tx_fsm.c:291:9:host_comm_tx_fsm_send_packet_no_payload	280	static
host_comm_tx_fsm.c:307:6:host_comm_tx_fsm_time_event_update	24	static
host_comm_tx_fsm.c:317:6:host_comm_tx_fsm_run	16	static
host_comm_tx_fsm.c:327:6:host_comm_tx_fsm_set_ext_event	16	static
