host_comm_rx_fsm.c:53:6:host_comm_rx_fsm_enter	16	static
host_comm_rx_fsm.c:59:13:host_comm_rx_fsm_set_next_state	16	static
host_comm_rx_fsm.c:69:13:enter_seq_preamble_proc	16	static
host_comm_rx_fsm.c:75:16:during_action_preamble_proc	24	static
host_comm_rx_fsm.c:101:13:preamble_proc_on_react	24	static
host_comm_rx_fsm.c:128:13:enter_seq_header_proc	16	static
host_comm_rx_fsm.c:135:13:entry_action_header_proc	16	static
host_comm_rx_fsm.c:140:13:exit_action_header_proc	16	static
host_comm_rx_fsm.c:146:13:during_action_header_proc	16	static
host_comm_rx_fsm.c:166:13:header_proc_on_react	24	static
host_comm_rx_fsm.c:227:13:enter_seq_payload_proc	16	static
host_comm_rx_fsm.c:235:13:entry_action_payload_proc	24	static
host_comm_rx_fsm.c:241:13:exit_action_payload_proc	16	static
host_comm_rx_fsm.c:246:13:during_action_payload_proc	24	static
host_comm_rx_fsm.c:259:13:payload_proc_on_react	24	static
host_comm_rx_fsm.c:302:13:enter_seq_crc_and_postamble_proc	16	static
host_comm_rx_fsm.c:310:13:entry_action_crc_and_postamble_proc	16	static
host_comm_rx_fsm.c:315:13:exit_action_crc_and_postamble_proc	16	static
host_comm_rx_fsm.c:320:13:during_action_crc_and_postamble_proc	40	static
host_comm_rx_fsm.c:356:13:crc_and_postamble_proc_on_react	24	static
host_comm_rx_fsm.c:408:13:enter_seq_packet_ready	16	static
host_comm_rx_fsm.c:416:13:entry_action_packet_ready	16	static
host_comm_rx_fsm.c:422:13:packet_ready_on_react	24	static
host_comm_rx_fsm.c:440:13:clear_time_events	16	static
host_comm_rx_fsm.c:448:6:host_comm_rx_fsm_init	16	static
host_comm_rx_fsm.c:461:6:host_comm_rx_fsm_is_active	24	static
host_comm_rx_fsm.c:467:6:host_comm_rx_fsm_time_event_update	24	static
host_comm_rx_fsm.c:477:6:host_comm_rx_fsm_run	16	static
host_comm_rx_fsm.c:492:6:host_comm_rx_fsm_is_state_active	24	static
host_comm_rx_fsm.c:498:9:host_comm_rx_fsm_set_ext_event	16	static
