../Core/Src/led_animation/led_animation.c:42:13:led_animation_set_next_state	16	static
../Core/Src/led_animation/led_animation.c:49:6:led_animation_init	16	static
../Core/Src/led_animation/led_animation.c:59:6:led_animation_run	16	static
../Core/Src/led_animation/led_animation.c:70:6:led_animation_time_update	24	static
../Core/Src/led_animation/led_animation.c:80:6:is_led_animation_ongoing	16	static
../Core/Src/led_animation/led_animation.c:88:9:led_animation_start	16	static
../Core/Src/led_animation/led_animation.c:99:9:led_set_brightness	16	static
../Core/Src/led_animation/led_animation.c:106:6:led_animation_stop	16	static
../Core/Src/led_animation/led_animation.c:115:13:enter_seq_idle_proc	16	static
../Core/Src/led_animation/led_animation.c:122:13:idle_proc_on_react	24	static
../Core/Src/led_animation/led_animation.c:142:13:enter_seq_exec_proc	16	static
../Core/Src/led_animation/led_animation.c:149:13:entry_action_exec_proc	16	static
../Core/Src/led_animation/led_animation.c:160:13:exit_action_exec_proc	16	static
../Core/Src/led_animation/led_animation.c:173:13:during_action_exec_proc	16	static
../Core/Src/led_animation/led_animation.c:200:13:exec_proc_on_react	24	static
